
> frontend@0.1.0 dev
> next dev

▲ Next.js 16.2.3 (Turbopack)
- Local:         http://localhost:3000
- Network:       http://192.168.1.228:3000
✓ Ready in 276ms
- Experiments (use with caution):
  · serverActions

 GET / 200 in 434ms (next.js: 94ms, application-code: 340ms)
 GET /onboarding 200 in 58ms (next.js: 39ms, application-code: 19ms)
 GET /content-lab 200 in 41ms (next.js: 26ms, application-code: 15ms)
 GET /content-lab 200 in 57ms (next.js: 7ms, application-code: 50ms)
 GET /content-lab 200 in 38ms (next.js: 4ms, application-code: 33ms)
 GET /content-lab 200 in 44ms (next.js: 6ms, application-code: 38ms)
✓ Compiled in 666ms
✓ Compiled in 768ms
 GET /content-lab 200 in 82ms (next.js: 33ms, application-code: 49ms)
 GET /content-lab 200 in 34ms (next.js: 2ms, application-code: 31ms)
 GET /content-lab 200 in 13ms (next.js: 1234µs, application-code: 12ms)
 GET /content-lab 200 in 52ms (next.js: 20ms, application-code: 31ms)
 GET /content-lab 200 in 20ms (next.js: 1675µs, application-code: 18ms)
✓ Compiled in 116ms
 GET /content-lab 200 in 153ms (next.js: 7ms, application-code: 146ms)
